  Body.cpp
C:\Users\shael\Documents\College\Extra\GAME157\ComponentFramework25.0.0\ComponentFramework\Body.h(3,10): error C1083: Cannot open include file: 'Vector.h': No such file or directory
  (compiling source file 'Body.cpp')
  
  Debug.cpp
  Mesh.cpp
C:\Users\shael\Documents\College\Extra\GAME157\ComponentFramework25.0.0\ComponentFramework\Mesh.h(3,10): error C1083: Cannot open include file: 'glew.h': No such file or directory
  (compiling source file 'Mesh.cpp')
  
  Scene0p.cpp
C:\Users\shael\Documents\College\Extra\GAME157\ComponentFramework25.0.0\ComponentFramework\Scene0p.cpp(1,10): error C1083: Cannot open include file: 'glew.h': No such file or directory
  SceneManager.cpp
C:\Users\shael\Documents\College\Extra\GAME157\ComponentFramework25.0.0\ComponentFramework\SceneManager.cpp(1,10): error C1083: Cannot open include file: 'SDL.h': No such file or directory
  Main.cpp
C:\Users\shael\Documents\College\Extra\GAME157\ComponentFramework25.0.0\ComponentFramework\Main.cpp(11,30): error C2338: static_assert failed: 'This program is not ready for 64-bit build'
  Scene0g.cpp
C:\Users\shael\Documents\College\Extra\GAME157\ComponentFramework25.0.0\ComponentFramework\Scene0g.cpp(1,10): error C1083: Cannot open include file: 'glew.h': No such file or directory
  Shader.cpp
C:\Users\shael\Documents\College\Extra\GAME157\ComponentFramework25.0.0\ComponentFramework\Shader.h(3,10): error C1083: Cannot open include file: 'glew.h': No such file or directory
  (compiling source file 'Shader.cpp')
  
  Timer.cpp
C:\Users\shael\Documents\College\Extra\GAME157\ComponentFramework25.0.0\ComponentFramework\Timer.h(3,10): error C1083: Cannot open include file: 'SDL.h': No such file or directory
  (compiling source file 'Timer.cpp')
  
  Window.cpp
C:\Users\shael\Documents\College\Extra\GAME157\ComponentFramework25.0.0\ComponentFramework\Window.h(4,10): error C1083: Cannot open include file: 'SDL.h': No such file or directory
  (compiling source file 'Window.cpp')
  
  Generating Code...
